Name:
gehtnicht6

Course slots:
MO, 08:00, 2, 1
MO, 09:00, 1, 1
TU, 08:00, 1, 1
TU, 09:30, 1, 1

Lab slots:
TU, 14:00, 4, 2

Courses:
CPSC 433 LEC 01
CPSC 434 LEC 01
CPSC 435 LEC 01
CPSC 436 LEC 01
SENG 311 LEC 01

Labs:
CPSC 433 LEC 01 TUT 01

Not compatible:
CPSC 433 LEC 01, CPSC 434 LEC 01
CPSC 433 LEC 01, CPSC 435 LEC 01
CPSC 433 LEC 01, CPSC 436 LEC 01
CPSC 433 LEC 01, SENG 311 LEC 01

Unwanted:

Preferences:
MO, 08:00, CPSC 433 LEC 01, 10

Pair:

Partial assignments:
CPSC 433 LEC 01, MO, 08:00
