Name:
gehtnicht3

Course slots:
MO, 08:00, 3, 1

Lab slots:
MO, 08:00, 4, 2

Courses:
CPSC 433 LEC 01
CPSC 433 LEC 02
SENG 311 LEC 01

Labs:
CPSC 433 LEC 01 TUT 01
SENG 311 LEC 01 TUT 01

Not compatible:

Unwanted:

Preferences:
MO, 08:00, CPSC 433 LEC 01, 10

Pair:

Partial assignments:

