Name:
gehtnicht2

Course slots:
MO, 08:00, 2, 1
MO, 09:00, 1, 1

Lab slots:
MO, 08:00, 1, 1
TU, 10:00, 1, 1

Courses:
CPSC 433 LEC 01
CPSC 433 LEC 02
SENG 311 LEC 01

Labs:
CPSC 433 LEC 01 TUT 01
CPSC 433 LEC 01 TUT 02
SENG 311 LEC 01 TUT 01

Not compatible:
CPSC 433 LEC 01 TUT 01, SENG 311 LEC 01 TUT 01

Unwanted:

Preferences:
MO, 08:00, CPSC 433 LEC 01, 10
MO, 09:00, CPSC 433 LEC 02, 5
MO, 09:00, SENG 311 LEC 01, 10

Pair:

Partial assignments:

