Name:
gehtnicht11

Course slots:
MO, 08:00, 1, 1
MO, 09:00, 1, 1

Lab slots:
MO, 14:00, 4, 2

Courses:
CPSC 433 LEC 01
SENG 311 LEC 01

Labs:
CPSC 433 LEC 01 TUT 01
SENG 311 LEC 01 TUT 01

Not compatible:

Unwanted:
CPSC 433 LEC 01, MO, 08:00
SENG 311 LEC 01, MO, 08:00

Preferences:
MO, 08:00, CPSC 433 LEC 01, 10

Pair:

Partial assignments:

