Name:
ShortExample

Course slots:
MO, 08:00, 3, 2
MO, 09:00, 3, 2
TU, 09:30, 2, 1

Lab slots:
MO, 08:00, 4, 2
MO, 10:00, 1, 1
TU, 10:00, 2, 1
FR, 10:00, 2, 1

Courses:
CPSC 433 LEC 01
CPSC 433 LEC 02
CPSC 567 LEC 01
SENG 311 LEC 01

Labs:
CPSC 433 LEC 01 TUT 01
CPSC 433 LEC 02 LAB 02
CPSC 567 TUT 01
SENG 311 LEC 01 TUT 01

Not compatible:
CPSC 433 LEC 01, CPSC 567 LEC 01
CPSC 433 LEC 01, CPSC 567 TUT 01
CPSC 433 LEC 01 TUT 01, CPSC 433 LEC 02 LAB 02
CPSC 433 LEC 02, CPSC 567 LEC 01
CPSC 433 LEC 02, CPSC 567 TUT 01

Unwanted:
CPSC 433 LEC 01, MO, 08:00

Preferences:
MO, 08:00, CPSC 433 LEC 01 TUT 01, 3
MO, 08:00, CPSC 433 LEC 02 LAB 02, 1
MO, 10:00, CPSC 433 LEC 02 LAB 02, 7
TU, 09:30, CPSC 433 LEC 01, 10
TU, 09:30, CPSC 433 LEC 02, 10
TU, 10:00, CPSC 433 LEC 01 LAB 01, 5

Pair:
CPSC 567 LEC 01, SENG 311 LEC 01

Partial assignments:
SENG 311 LEC 01, MO, 08:00
SENG 311 LEC 01 TUT 01, FR, 10:00
